[32m[INFO][0m setup plugin alembic.autogenerate.schemas
[32m[INFO][0m setup plugin alembic.autogenerate.tables
[32m[INFO][0m setup plugin alembic.autogenerate.types
[32m[INFO][0m setup plugin alembic.autogenerate.constraints
[32m[INFO][0m setup plugin alembic.autogenerate.defaults
[32m[INFO][0m setup plugin alembic.autogenerate.comments
[32m[INFO][0m setup plugin alembic.ext.checkconstraint_byname
[1m[33m[WARNING][0m Could not autodetect AIMDO implementation, assuming Nvidia
[32m[INFO][0m comfy-aimdo unsupported operating system: Darwin
[32m[INFO][0m NOTE: comfy-aimdo currently only supports Windows and Linux
[32m[INFO][0m Found comfy_kitchen backend ascend: {'available': False, 'disabled': False, 'unavailable_reason': "torch-npu is not installed: No module named 'torch_npu'", 'capabilities': []}
[32m[INFO][0m Found comfy_kitchen backend eager: {'available': True, 'disabled': False, 'unavailable_reason': None, 'capabilities': ['adaln', 'apply_rope', 'apply_rope1', 'apply_rope1_', 'apply_rope_', 'apply_rope_split_half', 'apply_rope_split_half1', 'apply_rope_split_half1_', 'apply_rope_split_half_', 'convrot_w4a4_linear', 'dequantize_convrot_w4a4_weight', 'dequantize_int8_convrot_weight', 'dequantize_int8_convrot_weight_dtype', 'dequantize_int8_embedding', 'dequantize_int8_simple', 'dequantize_int8_simple_dtype', 'dequantize_mxfp8', 'dequantize_nvfp4', 'dequantize_per_tensor_fp8', 'dequantize_w4a8_int8_weight', 'fp16_conv3d', 'fp16_conv3d_out', 'fp16_linear', 'gemv_awq_w4a16', 'group_norm_silu_pad3d', 'group_norm_silu_pad3d_out', 'int8_linear', 'na3d', 'prepare_int4_weight_for_int8_linear', 'quantize_and_rotate_rowwise', 'quantize_convrot_w4a4_weight', 'quantize_int8_convrot_weight', 'quantize_int8_rowwise', 'quantize_int8_tensorwise', 'quantize_mxfp8', 'quantize_nvfp4', 'quantize_per_tensor_fp8', 'quantize_svdquant_w4a4', 'quantize_w4a8_int8_weight', 'rms_adaln', 'rms_rope', 'rms_rope1', 'rms_rope1_', 'rms_rope_', 'rms_rope_split_half', 'rms_rope_split_half1', 'rms_rope_split_half1_', 'rms_rope_split_half_', 'rotate_int8_convrot_weight', 'scaled_mm_mxfp8', 'scaled_mm_nvfp4', 'scaled_mm_svdquant_w4a4', 'sol_attn', 'stochastic_rounding_fp8', 'w4a8_int8_linear']}
[32m[INFO][0m Found comfy_kitchen backend triton: {'available': False, 'disabled': True, 'unavailable_reason': "ImportError: No module named 'triton'", 'capabilities': []}
[32m[INFO][0m Found comfy_kitchen backend hip: {'available': False, 'disabled': False, 'unavailable_reason': 'PyTorch ROCm/HIP runtime not available', 'capabilities': []}
[32m[INFO][0m Found comfy_kitchen backend cuda: {'available': False, 'disabled': True, 'unavailable_reason': 'Extension file not found: /Users/apple/Desktop/ai-studio-feasibility/venv-comfy/lib/python3.12/site-packages/comfy_kitchen/backends/cuda/_C.abi3.so', 'capabilities': []}
[32m[INFO][0m Checkpoint files will always be loaded safely.
[32m[INFO][0m Total VRAM 8192 MB, total RAM 8192 MB
[32m[INFO][0m pytorch version: 2.14.1
[32m[INFO][0m Mac Version (26, 3, 1)
[32m[INFO][0m Set vram state to: SHARED
[32m[INFO][0m Device: mps
[32m[INFO][0m Using sub quadratic optimization for attention, if you have memory or speed issues try using: --use-split-cross-attention
[32m[INFO][0m Python version: 3.12.13 (main, Jun 23 2026, 15:44:24) [Clang 22.1.3 ]
[32m[INFO][0m ComfyUI version: 0.38.0
[32m[INFO][0m comfy-aimdo version: 0.5.5
[32m[INFO][0m comfy-kitchen version: 0.2.37
[32m[INFO][0m comfyui-frontend-package version: 1.53.10
[32m[INFO][0m comfyui-workflow-templates version: 0.11.76
[32m[INFO][0m comfyui-embedded-docs version: 0.5.13
[32m[INFO][0m comfy-kitchen version: 0.2.37
[32m[INFO][0m comfy-aimdo version: 0.5.5
[32m[INFO][0m [Prompt Server] web root: /Users/apple/Desktop/ai-studio-feasibility/venv-comfy/lib/python3.12/site-packages/comfyui_frontend_package/static
[32m[INFO][0m Asset seeder disabled
/Users/apple/Desktop/ai-studio-feasibility/venv-comfy/lib/python3.12/site-packages/torch/jit/_script.py:1491: FutureWarning: `torch.jit.script` is deprecated. Please switch to `torch.compile` or `torch.export`.
  warnings.warn(
[32m[INFO][0m No OpenGL_accelerate module loaded: No module named 'OpenGL_accelerate'
[32m[INFO][0m 
Import times for custom nodes:
[32m[INFO][0m    0.0 seconds: /Users/apple/Desktop/ai-studio-feasibility/comfyui/custom_nodes/websocket_image_save.py
[32m[INFO][0m 
[32m[INFO][0m Using RAM pressure cache.
[32m[INFO][0m Starting server

[32m[INFO][0m To see the GUI go to: http://127.0.0.1:8188
[32m[INFO][0m got prompt
[32m[INFO][0m model weight dtype torch.float16, manual cast: None
[32m[INFO][0m model_type EPS
[32m[INFO][0m Model storage policy: fast_disk=False paths=['/Users/apple/Desktop/ai-studio-feasibility/comfyui/models/checkpoints/v1-5-pruned-emaonly-fp16.safetensors']
[32m[INFO][0m Model storage policy: fast_disk=False paths=['/Users/apple/Desktop/ai-studio-feasibility/comfyui/models/checkpoints/v1-5-pruned-emaonly-fp16.safetensors']
[32m[INFO][0m Using split attention in VAE
[32m[INFO][0m Using split attention in VAE
[32m[INFO][0m VAE load device: mps, offload device: cpu, dtype: torch.bfloat16
[32m[INFO][0m Model storage policy: fast_disk=False paths=['/Users/apple/Desktop/ai-studio-feasibility/comfyui/models/checkpoints/v1-5-pruned-emaonly-fp16.safetensors']
[32m[INFO][0m Requested to load SD1ClipModel
[32m[INFO][0m loaded completely;  235.84 MB loaded, full load: True
[32m[INFO][0m CLIP/text encoder model load device: cpu, offload device: cpu, current: cpu, dtype: torch.float16
[32m[INFO][0m loaded diffusion model directly to GPU
[32m[INFO][0m Requested to load BaseModel
[32m[INFO][0m loaded completely;  1639.41 MB loaded, full load: True
[32m[INFO][0m Requested to load SD1ClipModel
[32m[INFO][0m loaded completely;  235.84 MB loaded, full load: True
[32m[INFO][0m Requested to load BaseModel
[32m[INFO][0m loaded completely;  1639.41 MB loaded, full load: True
  0%|          | 0/5 [00:00<?, ?it/s] 20%|██        | 1/5 [00:04<00:19,  4.95s/it] 40%|████      | 2/5 [00:09<00:13,  4.65s/it] 60%|██████    | 3/5 [00:13<00:09,  4.54s/it] 80%|████████  | 4/5 [00:18<00:04,  4.51s/it]100%|██████████| 5/5 [00:22<00:00,  4.49s/it]100%|██████████| 5/5 [00:22<00:00,  4.55s/it]
[32m[INFO][0m Requested to load AutoencoderKL
[32m[INFO][0m 0 models unloaded.
[32m[INFO][0m loaded completely;  159.56 MB loaded, full load: True
[32m[INFO][0m [32mPrompt executed in 34.57 seconds[0m
[32m[INFO][0m Using RAM pressure cache.
/Users/apple/.local/share/uv/python/cpython-3.12.13-macos-aarch64-none/lib/python3.12/multiprocessing/resource_tracker.py:279: UserWarning: resource_tracker: There appear to be 1 leaked semaphore objects to clean up at shutdown
  warnings.warn('resource_tracker: There appear to be %d '
